// Jest Snapshot v1, https://goo.gl/fbAQLP

exports[`should render component 1`] = `
<div
  style={
    Object {
      "muiPrepared": true,
      "padding": "8px 0px 8px 0px",
    }
  }
>
  <a
    aria-current={false}
    className="sc-bdVaJa llYZfh"
    href="/item/1"
    onClick={[Function]}
    style={undefined}
  >
    <div>
      <span
        disabled={false}
        onBlur={[Function]}
        onClick={[Function]}
        onFocus={[Function]}
        onKeyDown={[Function]}
        onKeyUp={[Function]}
        onMouseEnter={[Function]}
        onMouseLeave={[Function]}
        onTouchEnd={[Function]}
        onTouchStart={[Function]}
        open={null}
        style={
          Object {
            "WebkitTapHighlightColor": "rgba(0, 0, 0, 0)",
            "background": "none",
            "backgroundColor": null,
            "border": 10,
            "boxSizing": "border-box",
            "color": "rgba(0, 0, 0, 0.87)",
            "cursor": "pointer",
            "display": "block",
            "fontFamily": "Roboto, sans-serif",
            "fontSize": 16,
            "fontWeight": "inherit",
            "lineHeight": "16px",
            "margin": 0,
            "muiPrepared": true,
            "outline": "none",
            "padding": 0,
            "position": "relative",
            "textDecoration": "none",
            "transition": "all 450ms cubic-bezier(0.23, 1, 0.32, 1) 0ms",
            "verticalAlign": null,
          }
        }
        tabIndex={0}
      >
        <div
          onMouseDown={[Function]}
          onMouseLeave={[Function]}
          onMouseUp={[Function]}
          onTouchEnd={[Function]}
          onTouchStart={[Function]}
        >
          <div
            style={
              Object {
                "marginLeft": 0,
                "muiPrepared": true,
                "paddingBottom": 16,
                "paddingLeft": 72,
                "paddingRight": 16,
                "paddingTop": 20,
                "position": "relative",
              }
            }
          >
            <img
              alt="test title"
              className={undefined}
              size={40}
              src="test.png"
              style={
                Object {
                  "alignItems": "center",
                  "backgroundColor": "rgb(188, 188, 188)",
                  "borderRadius": "50%",
                  "color": "#ffffff",
                  "display": "inline-flex",
                  "fontSize": 20,
                  "height": 40,
                  "justifyContent": "center",
                  "left": 16,
                  "muiPrepared": true,
                  "position": "absolute",
                  "top": 16,
                  "userSelect": "none",
                  "width": 40,
                }
              }
            />
            <div
              style={
                Object {
                  "muiPrepared": true,
                }
              }
            >
              test title
            </div>
            <div
              style={
                Object {
                  "WebkitBoxOrient": null,
                  "WebkitLineClamp": null,
                  "color": "rgba(0, 0, 0, 0.54)",
                  "display": null,
                  "fontSize": 14,
                  "height": 16,
                  "lineHeight": "16px",
                  "margin": 0,
                  "marginTop": 4,
                  "muiPrepared": true,
                  "overflow": "hidden",
                  "textOverflow": "ellipsis",
                  "whiteSpace": "nowrap",
                }
              }
            >
              test
            </div>
          </div>
        </div>
      </span>
    </div>
  </a>
</div>
`;
